2026-05-04T22:07:13:  Connected to MongoDB
2026-05-04T22:07:13: [22:07:13] INFO  Scanning for commands in: /home/roy/phopi/mybot/src/commands
2026-05-04T22:07:13: [22:07:13] INFO  Found 121 command files.
2026-05-04T22:07:14: [32m✅ Loaded 308 total commands/aliases and 1 button handlers[0m
2026-05-04T22:07:14: [22:07:14] INFO  🔥 Hot-Reload Monitor Active and Ready
2026-05-04T22:07:14: [22:07:14] WARN  Sanitized 1 sender-key auth file(s)
2026-05-04T22:07:14: [22:07:14] OK     WEBHOOK  Listen :8787
2026-05-04T22:07:17: [22:07:17] OK     WA  Connection opened
2026-05-04T22:07:17: [22:07:17] INFO   Opened connection to WhatsApp
2026-05-04T22:07:17: [22:07:17] INFO  Prayer scheduler started
2026-05-04T22:07:17: [22:07:17] INFO  Group auto open/close scheduler started
2026-05-04T22:07:17: Closing session: SessionEntry {
2026-05-04T22:07:17:   _chains: {
2026-05-04T22:07:17:     'BVqIreo3tNnCNlLixdJnr97RsuPeTkMugFGcKdsT0+4A': { chainKey: [Object], chainType: 1, messageKeys: {} }
2026-05-04T22:07:17:   },
2026-05-04T22:07:17:   registrationId: 143387001,
2026-05-04T22:07:17:   currentRatchet: {
2026-05-04T22:07:17:     ephemeralKeyPair: {
2026-05-04T22:07:17:       pubKey: <Buffer 05 5a 88 ad ea 37 b4 d9 c2 36 52 e2 c5 d2 67 af de d1 b2 e3 de 4e 43 2e 80 51 9c 29 db 13 d3 ee 00>,
2026-05-04T22:07:17:       privKey: <Buffer 28 c2 1a d8 db d6 ec 98 d8 38 1b 11 9a 47 db 46 39 33 6a cd a2 4f c2 55 76 03 f7 b5 01 f7 aa 42>
2026-05-04T22:07:17:     },
2026-05-04T22:07:17:     lastRemoteEphemeralKey: <Buffer 05 01 1a 7f e9 fe 54 40 d6 e9 54 95 99 2d b6 e6 ed cf aa f4 ba 29 ce da 76 57 f1 2b f9 cc 65 b1 6b>,
2026-05-04T22:07:17:     previousCounter: 0,
2026-05-04T22:07:17:     rootKey: <Buffer 19 ab ac 76 32 00 63 86 7b c5 62 b3 19 dc 19 85 c0 fe 3a 9e c8 12 51 57 68 df fb 35 79 15 a8 f1>
2026-05-04T22:07:17:   },
2026-05-04T22:07:17:   indexInfo: {
2026-05-04T22:07:17:     baseKey: <Buffer 05 d7 95 e6 b6 07 94 4b 9d 70 29 1e 2b ea b4 04 5a c9 76 05 7e 9b c4 a5 49 27 b4 12 4c d9 0d a1 33>,
2026-05-04T22:07:17:     baseKeyType: 1,
2026-05-04T22:07:17:     closed: -1,
2026-05-04T22:07:17:     used: 1777898033497,
2026-05-04T22:07:17:     created: 1777898033497,
2026-05-04T22:07:17:     remoteIdentityKey: <Buffer 05 66 77 d7 92 7d 27 28 00 d9 6d bf d7 99 ec 30 3a 1c 8c 29 63 65 70 f4 35 79 a6 a1 c5 e6 4b 97 67>
2026-05-04T22:07:17:   },
2026-05-04T22:07:17:   pendingPreKey: {
2026-05-04T22:07:17:     signedKeyId: 6175129,
2026-05-04T22:07:17:     baseKey: <Buffer 05 d7 95 e6 b6 07 94 4b 9d 70 29 1e 2b ea b4 04 5a c9 76 05 7e 9b c4 a5 49 27 b4 12 4c d9 0d a1 33>,
2026-05-04T22:07:17:     preKeyId: 15468987
2026-05-04T22:07:17:   }
2026-05-04T22:07:17: }
2026-05-04T22:07:18: Closing session: SessionEntry {
2026-05-04T22:07:18:   _chains: {
2026-05-04T22:07:18:     'BSePbMchBH/vVGkF+SMb6No2nlo/WiC13tuKxR5+2MlZ': { chainKey: [Object], chainType: 2, messageKeys: [Object] },
2026-05-04T22:07:18:     BeyrJT5M0Ocl7GdG25IkxgEWcjkankosg0XkkUo8GthL: { chainKey: [Object], chainType: 1, messageKeys: {} }
2026-05-04T22:07:18:   },
2026-05-04T22:07:18:   registrationId: 229,
2026-05-04T22:07:18:   currentRatchet: {
2026-05-04T22:07:18:     ephemeralKeyPair: {
2026-05-04T22:07:18:       pubKey: <Buffer 05 ec ab 25 3e 4c d0 e7 25 ec 67 46 db 92 24 c6 01 16 72 39 1a 9e 4a 2c 83 45 e4 91 4a 3c 1a d8 4b>,
2026-05-04T22:07:18:       privKey: <Buffer 28 57 72 6e a4 be 17 71 94 92 c8 b5 3e ac fc 73 33 bd 43 6d 36 52 c5 77 07 fc c3 0d 9c 10 d4 6d>
2026-05-04T22:07:18:     },
2026-05-04T22:07:18:     lastRemoteEphemeralKey: <Buffer 05 27 8f 6c c7 21 04 7f ef 54 69 05 f9 23 1b e8 da 36 9e 5a 3f 5a 20 b5 de db 8a c5 1e 7e d8 c9 59>,
2026-05-04T22:07:18:     previousCounter: 0,
2026-05-04T22:07:18:     rootKey: <Buffer 4e 6e 19 e4 c1 8a 35 7a 2d ca 27 be 99 e4 b8 5a 4f 44 c4 e9 0a 94 d2 fe 01 ef 25 b7 32 c5 87 05>
2026-05-04T22:07:18:   },
2026-05-04T22:07:18:   indexInfo: {
2026-05-04T22:07:18:     baseKey: <Buffer 05 2b be 05 22 69 25 52 0c ca 58 42 29 b7 fb 7b 85 df 76 14 7c 0e e3 22 2e 17 34 ec 3e 46 fe 3e 48>,
2026-05-04T22:07:18:     baseKeyType: 2,
2026-05-04T22:07:18:     closed: -1,
2026-05-04T22:07:18:     used: 1777897244676,
2026-05-04T22:07:18:     created: 1777897244676,
2026-05-04T22:07:18:     remoteIdentityKey: <Buffer 05 6f 4e 46 d2 f9 35 13 6a b7 a4 fa 91 15 ce b6 5a 5f 96 37 ee 6b b2 a5 35 07 d1 00 5e b3 10 18 13>
2026-05-04T22:07:18:   }
2026-05-04T22:07:18: }
2026-05-04T22:07:18: [22:07:18] WARN  Blocked corrupt sender-key write: 120363176955019646@g.us::167319057764383_1::80
2026-05-04T22:07:18: [22:07:18] WARN  Blocked corrupt sender-key write: 120363176955019646@g.us::167319057764383_1::80
2026-05-04T22:07:18: [22:07:18] WARN  Blocked corrupt sender-key write: 120363176955019646@g.us::167319057764383_1::80
2026-05-04T22:07:18: [22:07:18] WARN  Blocked corrupt sender-key write: 120363176955019646@g.us::167319057764383_1::80
2026-05-04T22:07:18: [22:07:18] WARN  Blocked corrupt sender-key write: 120363176955019646@g.us::243069446258800_1::0
2026-05-04T22:07:18: [22:07:18] WARN  Blocked corrupt sender-key write: 120363176955019646@g.us::243069446258800_1::0
2026-05-04T22:07:19: [22:07:19] WARN  Blocked corrupt sender-key write: 120363176955019646@g.us::243069446258800_1::0
2026-05-04T22:07:20: [22:07:20] WARN  Blocked corrupt sender-key write: 120363176955019646@g.us::167319057764383_1::80
2026-05-04T22:07:20: [22:07:20] WARN  Blocked corrupt sender-key write: 120363176955019646@g.us::167319057764383_1::80
2026-05-04T22:07:20: [22:07:20] WARN  Blocked corrupt sender-key write: 120363176955019646@g.us::138161011347472_1::52
2026-05-04T22:07:20: [22:07:20] WARN  Blocked corrupt sender-key write: 120363176955019646@g.us::138161011347472_1::52
2026-05-04T22:07:20: [22:07:20] WARN  Blocked corrupt sender-key write: 120363176955019646@g.us::138161011347472_1::52
2026-05-04T22:07:20: [22:07:20] WARN  Blocked corrupt sender-key write: 120363176955019646@g.us::138161011347472_1::52
2026-05-04T22:07:20: [22:07:20] WARN  Blocked corrupt sender-key write: 120363176955019646@g.us::138161011347472_1::52
2026-05-04T22:07:20: [22:07:20] WARN  Blocked corrupt sender-key write: 120363176955019646@g.us::138161011347472_1::52
2026-05-04T22:07:20: [22:07:20] WARN  Blocked corrupt sender-key write: 120363176955019646@g.us::138161011347472_1::52
2026-05-04T22:07:20: [22:07:20] WARN  Blocked corrupt sender-key write: 120363176955019646@g.us::138161011347472_1::52
2026-05-04T22:07:20: [22:07:20] WARN  Blocked corrupt sender-key write: 120363176955019646@g.us::138161011347472_1::52
2026-05-04T22:07:20: [22:07:20] WARN  Blocked corrupt sender-key write: 120363176955019646@g.us::138161011347472_1::52
2026-05-04T22:07:20: [22:07:20] WARN  Blocked corrupt sender-key write: 120363176955019646@g.us::138161011347472_1::52
2026-05-04T22:07:20: [22:07:20] WARN  Blocked corrupt sender-key write: 120363176955019646@g.us::138161011347472_1::52
2026-05-04T22:07:20: [22:07:20] WARN  Blocked corrupt sender-key write: 120363176955019646@g.us::138161011347472_1::52
2026-05-04T22:07:20: [22:07:20] WARN  Blocked corrupt sender-key write: 120363176955019646@g.us::167319057764383_1::80
2026-05-04T22:07:20: [22:07:20] WARN  Blocked corrupt sender-key write: 120363176955019646@g.us::167319057764383_1::80
2026-05-04T22:07:21: [22:07:21] WARN  Blocked corrupt sender-key write: 120363176955019646@g.us::243069446258800_1::0
2026-05-04T22:07:21: [22:07:21] DEBUG  HANDLER  Sender: 243069446258800@lid | isOwner: false
2026-05-04T22:07:21: [22:07:21] DEBUG  HANDLER  usedPrefix: undefined | body:  | total commands: 308
2026-05-04T22:07:26: [22:07:26] DEBUG  HANDLER  Sender: 628157695152@s.whatsapp.net | isOwner: true
2026-05-04T22:07:26: [22:07:26] DEBUG  HANDLER  usedPrefix: undefined | body:  | total commands: 308
2026-05-04T22:07:27: [22:07:27] CHAT   GROUP   Antidonasi : Mei - Otewe ul…  Unknown → .ping
2026-05-04T22:07:27: [22:07:27] DEBUG  HANDLER  Sender: null | isOwner: false
2026-05-04T22:07:27: [22:07:27] DEBUG  HANDLER  Sender: 628157695152@s.whatsapp.net | isOwner: true
2026-05-04T22:07:27: [22:07:27] DEBUG  HANDLER  usedPrefix: undefined | body:  | total commands: 308
2026-05-04T22:07:27: [22:07:27] DEBUG  HANDLER  Sender: 628157695152@s.whatsapp.net | isOwner: true
2026-05-04T22:07:27: [22:07:27] DEBUG  HANDLER  usedPrefix: undefined | body:  | total commands: 308
2026-05-04T22:07:27: [22:07:27] CHAT   GROUP   Antidonasi : Mei - Otewe ul…  Unknown → 0.1 ms
2026-05-04T22:07:27: [22:07:27] DEBUG  HANDLER  Sender: null | isOwner: false
2026-05-04T22:07:28: [22:07:28] DEBUG  HANDLER  Sender: 628157695152@s.whatsapp.net | isOwner: true
2026-05-04T22:07:28: [22:07:28] DEBUG  HANDLER  usedPrefix: undefined | body:  | total commands: 308
2026-05-04T22:07:28: [22:07:28] CHAT   GROUP   Antidonasi : Mei - Otewe ul…  Unknown → 🏓 Memulai ping 1x...
2026-05-04T22:07:28: Menghitung latency...
2026-05-04T22:07:28: [22:07:28] DEBUG  HANDLER  Sender: null | isOwner: false
2026-05-04T22:07:28: [22:07:28] DEBUG  HANDLER  Sender: 628157695152@s.whatsapp.net | isOwner: true
2026-05-04T22:07:28: [22:07:28] DEBUG  HANDLER  usedPrefix: undefined | body:  | total commands: 308
2026-05-04T22:07:28: [22:07:28] DEBUG  HANDLER  Sender: null | isOwner: false
2026-05-04T22:07:29: [22:07:29] DEBUG  HANDLER  Sender: 628157695152@s.whatsapp.net | isOwner: true
2026-05-04T22:07:29: [22:07:29] DEBUG  HANDLER  usedPrefix: undefined | body:  | total commands: 308
2026-05-04T22:07:29: [22:07:29] DEBUG  HANDLER  Sender: null | isOwner: false
2026-05-04T22:08:22: [22:08:22] WARN  Blocked corrupt sender-key write: 120363350331702171@g.us::43302145536152_1::0
2026-05-04T22:08:22: [22:08:22] WARN  Blocked corrupt sender-key write: 120363350331702171@g.us::43302145536152_1::0
2026-05-04T22:08:22: [22:08:22] CHAT   GROUP   Group  Duan wei → .tt https://vm.tiktok.com/ZS9CCmFM5/
2026-05-04T22:08:22: [22:08:22] DEBUG  HANDLER  Sender: 43302145536152@lid | isOwner: false
2026-05-04T22:08:22: [22:08:22] DEBUG  HANDLER  usedPrefix: . | body: .tt https://vm.tiktok.com/ZS9CCmFM5/ | total commands: 308
2026-05-04T22:08:22: [22:08:22] DEBUG  HANDLER  cmdName: tt | found: true
2026-05-04T22:08:22: [22:08:22] CMD    RUN   tt  43302145536152@lid @ 🎞️ "Grup Downloader Vide… mode=public
2026-05-04T22:08:22: [22:08:22] DEBUG  HANDLER  Executing command: tt | Mode: public | isOwner: false
2026-05-04T22:08:22: [22:08:22] DEBUG  HANDLER  Executing tt for 43302145536152@lid (MsgID: AC805A43A8BC26F76541A9C56789E548)
2026-05-04T22:08:26: [22:08:26] CMD    DONE   tt  43302145536152@lid @ 🎞️ "Grup Downloader Vide…
2026-05-04T22:08:26: [22:08:26] DEBUG  HANDLER  Command tt execution finished
2026-05-04T22:08:29: [22:08:29] DEBUG  HANDLER  Sender: 628157695152@s.whatsapp.net | isOwner: true
2026-05-04T22:08:29: [22:08:29] DEBUG  HANDLER  usedPrefix: undefined | body:  | total commands: 308
2026-05-04T22:08:29: [22:08:29] CHAT   GROUP   🎞️ "Grup Downloader Video …  Unknown → .tt https://vm.tiktok.com/ZS9CCmFM5/
2026-05-04T22:08:29: [22:08:29] DEBUG  HANDLER  Sender: null | isOwner: false
2026-05-04T22:10:15: [22:10:15] WARN  Blocked corrupt sender-key write: 120363350331702171@g.us::43302145536152_1::0
2026-05-04T22:10:15: [22:10:15] CHAT   GROUP   🎞️ "Grup Downloader Video …  Duan wei → .tt https://vm.tiktok.com/ZS9CCKnKR/
2026-05-04T22:10:15: [22:10:15] DEBUG  HANDLER  Sender: 43302145536152@lid | isOwner: false
2026-05-04T22:10:15: [22:10:15] DEBUG  HANDLER  usedPrefix: . | body: .tt https://vm.tiktok.com/ZS9CCKnKR/ | total commands: 308
2026-05-04T22:10:15: [22:10:15] DEBUG  HANDLER  cmdName: tt | found: true
2026-05-04T22:10:15: [22:10:15] CMD    RUN   tt  43302145536152@lid @ 🎞️ "Grup Downloader Vide… mode=public
2026-05-04T22:10:15: [22:10:15] DEBUG  HANDLER  Executing command: tt | Mode: public | isOwner: false
2026-05-04T22:10:15: [22:10:15] DEBUG  HANDLER  Executing tt for 43302145536152@lid (MsgID: ACD25273BDDA1488963DA9245B5C213B)
2026-05-04T22:10:17: [22:10:17] CMD    DONE   tt  43302145536152@lid @ 🎞️ "Grup Downloader Vide…
2026-05-04T22:10:17: [22:10:17] DEBUG  HANDLER  Command tt execution finished
2026-05-04T22:10:19: [22:10:19] WARN  Blocked corrupt sender-key write: 120363350331702171@g.us::43302145536152_1::0
2026-05-04T22:10:19: [22:10:19] CHAT   GROUP   🎞️ "Grup Downloader Video …  Duan wei → .tt https://vm.tiktok.com/ZS9CXNpv8/
2026-05-04T22:10:19: [22:10:19] DEBUG  HANDLER  Sender: 43302145536152@lid | isOwner: false
2026-05-04T22:10:19: [22:10:19] DEBUG  HANDLER  usedPrefix: . | body: .tt https://vm.tiktok.com/ZS9CXNpv8/ | total commands: 308
2026-05-04T22:10:19: [22:10:19] DEBUG  HANDLER  cmdName: tt | found: true
2026-05-04T22:10:19: [22:10:19] CMD    RUN   tt  43302145536152@lid @ 🎞️ "Grup Downloader Vide… mode=public
2026-05-04T22:10:19: [22:10:19] DEBUG  HANDLER  Executing command: tt | Mode: public | isOwner: false
2026-05-04T22:10:19: [22:10:19] DEBUG  HANDLER  Executing tt for 43302145536152@lid (MsgID: AC0DB26E94222FB81B0707BD22C23BAD)
2026-05-04T22:10:22: [22:10:22] CMD    DONE   tt  43302145536152@lid @ 🎞️ "Grup Downloader Vide…
2026-05-04T22:10:22: [22:10:22] DEBUG  HANDLER  Command tt execution finished
2026-05-04T22:10:26: [22:10:26] WARN  Blocked corrupt sender-key write: 120363350331702171@g.us::43302145536152_1::0
2026-05-04T22:10:26: [22:10:26] CHAT   GROUP   🎞️ "Grup Downloader Video …  Duan wei → .tt https://vm.tiktok.com/ZS9CXNTvj/
2026-05-04T22:10:26: [22:10:26] DEBUG  HANDLER  Sender: 43302145536152@lid | isOwner: false
2026-05-04T22:10:26: [22:10:26] DEBUG  HANDLER  usedPrefix: . | body: .tt https://vm.tiktok.com/ZS9CXNTvj/ | total commands: 308
2026-05-04T22:10:26: [22:10:26] DEBUG  HANDLER  cmdName: tt | found: true
2026-05-04T22:10:26: [22:10:26] CMD    RUN   tt  43302145536152@lid @ 🎞️ "Grup Downloader Vide… mode=public
2026-05-04T22:10:26: [22:10:26] DEBUG  HANDLER  Executing command: tt | Mode: public | isOwner: false
2026-05-04T22:10:26: [22:10:26] DEBUG  HANDLER  Executing tt for 43302145536152@lid (MsgID: AC4C8D147A0DA5A33130984CBEA8D3A9)
2026-05-04T22:10:27: [22:10:27] CMD    DONE   tt  43302145536152@lid @ 🎞️ "Grup Downloader Vide…
2026-05-04T22:10:27: [22:10:27] DEBUG  HANDLER  Command tt execution finished
